============================= test session starts =============================
platform win32 -- Python 3.12.10, pytest-9.0.2, pluggy-1.6.0
rootdir: C:\Users\henri\OneDrive\Documents\python_projects\agencia_viagens_ia
configfile: pyproject.toml
plugins: anyio-4.12.1, langsmith-0.7.23, cov-7.1.0, mock-3.15.1
collected 16 items / 1 error

=================================== ERRORS ====================================
______________ ERROR collecting tests/test_logger_integration.py ______________
ImportError while importing test module 'C:\Users\henri\OneDrive\Documents\python_projects\agencia_viagens_ia\tests\test_logger_integration.py'.
Hint: make sure your test modules/packages have valid Python names.
Traceback:
..\..\..\..\AppData\Local\Programs\Python\Python312\Lib\importlib\__init__.py:90: in import_module
    return _bootstrap._gcd_import(name[level:], package, level)
           ^^^^^^^^^^^^^^^^^^^^^^^^^^^^^^^^^^^^^^^^^^^^^^^^^^^^
tests\test_logger_integration.py:5: in <module>
    from loguru import logger
E   ModuleNotFoundError: No module named 'loguru'
=========================== short test summary info ===========================
ERROR tests/test_logger_integration.py
!!!!!!!!!!!!!!!!!!! Interrupted: 1 error during collection !!!!!!!!!!!!!!!!!!!!
============================== 1 error in 6.59s ===============================
